Change Component Designator: OldDesignator=C1 NewDesignator=C6
Change Component Designator: OldDesignator=C2 NewDesignator=C7
Change Component Designator: OldDesignator=C3 NewDesignator=C8
Change Component Designator: OldDesignator=C4 NewDesignator=C9
Change Component Designator: OldDesignator=C5 NewDesignator=C10
Change Component Designator: OldDesignator=C6 NewDesignator=C11
Change Component Designator: OldDesignator=C7 NewDesignator=C12
Change Component Designator: OldDesignator=D1 NewDesignator=D2
Change Component Designator: OldDesignator=D2 NewDesignator=D3
Change Component Designator: OldDesignator=D3 NewDesignator=D4
Change Component Designator: OldDesignator=D4 NewDesignator=D5
Change Component Designator: OldDesignator=R1 NewDesignator=R11
Change Component Designator: OldDesignator=R2 NewDesignator=R12
Change Component Designator: OldDesignator=R3 NewDesignator=R13
Change Component Designator: OldDesignator=R4 NewDesignator=R14
Change Component Designator: OldDesignator=R5 NewDesignator=R15
Change Component Designator: OldDesignator=R6 NewDesignator=R16
Change Component Designator: OldDesignator=R7 NewDesignator=R17
Change Component Designator: OldDesignator=R8 NewDesignator=R18
Change Component Designator: OldDesignator=R9 NewDesignator=R19
Change Component Designator: OldDesignator=R10 NewDesignator=R20
Change Component Designator: OldDesignator=R11 NewDesignator=R21
Change Component Designator: OldDesignator=R12 NewDesignator=R22
Change Component Designator: OldDesignator=R13 NewDesignator=R23
Change Component Designator: OldDesignator=R14 NewDesignator=R24
Change Component Designator: OldDesignator=R15 NewDesignator=R25
Change Component Designator: OldDesignator=R16 NewDesignator=R26
Change Component Designator: OldDesignator=R17 NewDesignator=R27
Change Component Designator: OldDesignator=R18 NewDesignator=R28
Change Component Designator: OldDesignator=R19 NewDesignator=R29
Change Component Designator: OldDesignator=R20 NewDesignator=R30
Change Component Designator: OldDesignator=R21 NewDesignator=R31
Change Component Designator: OldDesignator=R22 NewDesignator=R32
Change Component Designator: OldDesignator=R23 NewDesignator=R33
Change Component Designator: OldDesignator=R24 NewDesignator=R34
Change Component Designator: OldDesignator=R25 NewDesignator=R35
Change Component Designator: OldDesignator=R26 NewDesignator=R36
Change Component Designator: OldDesignator=R27 NewDesignator=R37
Change Component Designator: OldDesignator=R28 NewDesignator=R38
Change Component Designator: OldDesignator=R29 NewDesignator=R39
Change Component Designator: OldDesignator=R30 NewDesignator=R40
Change Component Designator: OldDesignator=R31 NewDesignator=R41
Change Component Designator: OldDesignator=R32 NewDesignator=R42
Change Component Designator: OldDesignator=R33 NewDesignator=R43
Change Component Designator: OldDesignator=R34 NewDesignator=R44
Change Component Designator: OldDesignator=R35 NewDesignator=R45
Change Component Designator: OldDesignator=R36 NewDesignator=R46
Change Component Designator: OldDesignator=R37 NewDesignator=R47
Change Component Designator: OldDesignator=R38 NewDesignator=R48
Change Component Designator: OldDesignator=R39 NewDesignator=R49
Change Component Designator: OldDesignator=R40 NewDesignator=R50
Change Component Designator: OldDesignator=U1 NewDesignator=U3
Change Component Designator: OldDesignator=U2 NewDesignator=U4
Change Component Designator: OldDesignator=U3 NewDesignator=U5
Change Component Designator: OldDesignator=U4 NewDesignator=U6
Change Component Designator: OldDesignator=U5 NewDesignator=U7
Change Component Designator: OldDesignator=U6 NewDesignator=U8
Change Component Designator: OldDesignator=U7 NewDesignator=U9
Added Component: Designator=C1(WCAP-CSGP_0603_L1.6W0.8H0.8_Reflow)
Added Component: Designator=C2(WCAP-CSGP_0603_L1.6W0.8H0.8_Reflow)
Added Component: Designator=C3(WCAP-CSGP_0603_L1.6W0.8H0.8_Reflow)
Added Component: Designator=C4(WCAP-CSGP_0603_L1.6W0.8H0.8_Reflow)
Added Component: Designator=C5(WCAP-CSGP_0603_L1.6W0.8H0.8_Reflow)
Added Component: Designator=D1(FP-LTST-C190KGKT-MFG)
Add component (AddParameter): Name = "Case Code (Imperial)"; Value = "0603"; VariantName = "[No Variations]"
Add component (AddParameter): Name = "Case Code (Metric)"; Value = "1608"; VariantName = "[No Variations]"
Add component (AddParameter): Name = "Case/Package"; Value = "0603"; VariantName = "[No Variations]"
Add component (AddParameter): Name = "Color"; Value = "Green"; VariantName = "[No Variations]"
Add component (AddParameter): Name = "Depth"; Value = "0.8mm"; VariantName = "[No Variations]"
Add component (AddParameter): Name = "Dominant Wavelength"; Value = "571nm"; VariantName = "[No Variations]"
Add component (AddParameter): Name = "Forward Current"; Value = "30mA"; VariantName = "[No Variations]"
Add component (AddParameter): Name = "Forward Voltage"; Value = "2V"; VariantName = "[No Variations]"
Add component (AddParameter): Name = "Height"; Value = "0.8mm"; VariantName = "[No Variations]"
Add component (AddParameter): Name = "Illumination Color"; Value = "Green"; VariantName = "[No Variations]"
Add component (AddParameter): Name = "Lead Free"; Value = "Lead Free"; VariantName = "[No Variations]"
Add component (AddParameter): Name = "Length"; Value = "1.6mm"; VariantName = "[No Variations]"
Add component (AddParameter): Name = "Lens Color"; Value = "Colorless"; VariantName = "[No Variations]"
Add component (AddParameter): Name = "Lens Style"; Value = "Diffused"; VariantName = "[No Variations]"
Add component (AddParameter): Name = "Lens Transparency"; Value = "Clear"; VariantName = "[No Variations]"
Add component (AddParameter): Name = "Luminous Intensity"; Value = "35mcd"; VariantName = "[No Variations]"
Add component (AddParameter): Name = "Max Operating Temperature"; Value = "85°C"; VariantName = "[No Variations]"
Add component (AddParameter): Name = "Min Operating Temperature"; Value = "-55°C"; VariantName = "[No Variations]"
Add component (AddParameter): Name = "Mount"; Value = "Surface Mount"; VariantName = "[No Variations]"
Add component (AddParameter): Name = "Number of Elements"; Value = "1"; VariantName = "[No Variations]"
Add component (AddParameter): Name = "Number of LEDs"; Value = "1"; VariantName = "[No Variations]"
Add component (AddParameter): Name = "Number of Pins"; Value = "2"; VariantName = "[No Variations]"
Add component (AddParameter): Name = "Package Quantity"; Value = "1"; VariantName = "[No Variations]"
Add component (AddParameter): Name = "Packaging"; Value = "Tape and Reel"; VariantName = "[No Variations]"
Add component (AddParameter): Name = "Power Dissipation"; Value = "75mW"; VariantName = "[No Variations]"
Add component (AddParameter): Name = "Power Rating"; Value = "75mW"; VariantName = "[No Variations]"
Add component (AddParameter): Name = "Radiation Hardening"; Value = "No"; VariantName = "[No Variations]"
Add component (AddParameter): Name = "Reverse Voltage"; Value = "5V"; VariantName = "[No Variations]"
Add component (AddParameter): Name = "Test Current"; Value = "20mA"; VariantName = "[No Variations]"
Add component (AddParameter): Name = "Viewing Angle"; Value = "130°"; VariantName = "[No Variations]"
Add component (AddParameter): Name = "Wavelength"; Value = "574nm"; VariantName = "[No Variations]"
Add component (AddParameter): Name = "Width"; Value = "0.8mm"; VariantName = "[No Variations]"
Added Component: Designator=MT1(XDCR_PEC11R-4215F-S0024)
Add component (AddParameter): Name = "Availability"; Value = "Unavailable"; VariantName = "[No Variations]"
Add component (AddParameter): Name = "MF"; Value = ""; VariantName = "[No Variations]"
Add component (AddParameter): Name = "MP"; Value = "PEC11R-4215F-S0024"; VariantName = "[No Variations]"
Add component (AddParameter): Name = "Package"; Value = "None"; VariantName = "[No Variations]"
Add component (AddParameter): Name = "Price"; Value = "None"; VariantName = "[No Variations]"
Add component (AddParameter): Name = "Value"; Value = ""; VariantName = "[No Variations]"
Added Component: Designator=P1(61300311121)
Add component (AddParameter): Name = "Color"; Value = "Black"; VariantName = "[No Variations]"
Add component (AddParameter): Name = "Connector Type"; Value = "Male Pin"; VariantName = "[No Variations]"
Add component (AddParameter): Name = "Contact Material"; Value = "Gold"; VariantName = "[No Variations]"
Add component (AddParameter): Name = "Contact Mating Length"; Value = "5.9944mm"; VariantName = "[No Variations]"
Add component (AddParameter): Name = "Contact Plating"; Value = "Gold"; VariantName = "[No Variations]"
Add component (AddParameter): Name = "Contact Resistance"; Value = "20mO"; VariantName = "[No Variations]"
Add component (AddParameter): Name = "Current Rating"; Value = "3A"; VariantName = "[No Variations]"
Add component (AddParameter): Name = "Gender"; Value = "Male"; VariantName = "[No Variations]"
Add component (AddParameter): Name = "Height"; Value = "8.94mm"; VariantName = "[No Variations]"
Add component (AddParameter): Name = "Lead Free"; Value = "Lead Free"; VariantName = "[No Variations]"
Add component (AddParameter): Name = "Lead Pitch"; Value = "2.54mm"; VariantName = "[No Variations]"
Add component (AddParameter): Name = "Max Operating Temperature"; Value = "105°C"; VariantName = "[No Variations]"
Add component (AddParameter): Name = "Min Operating Temperature"; Value = "-40°C"; VariantName = "[No Variations]"
Add component (AddParameter): Name = "Mount"; Value = "Through Hole"; VariantName = "[No Variations]"
Add component (AddParameter): Name = "Number of Contacts"; Value = "3"; VariantName = "[No Variations]"
Add component (AddParameter): Name = "Number of Pins"; Value = "3"; VariantName = "[No Variations]"
Add component (AddParameter): Name = "Number of Positions"; Value = "3"; VariantName = "[No Variations]"
Add component (AddParameter): Name = "Number of Rows"; Value = "1"; VariantName = "[No Variations]"
Add component (AddParameter): Name = "Operating Supply Voltage"; Value = "250V"; VariantName = "[No Variations]"
Add component (AddParameter): Name = "Orientation"; Value = "Vertical"; VariantName = "[No Variations]"
Add component (AddParameter): Name = "Packaging"; Value = "Bulk"; VariantName = "[No Variations]"
Add component (AddParameter): Name = "Pitch"; Value = "2.54mm"; VariantName = "[No Variations]"
Add component (AddParameter): Name = "RoHS"; Value = "Compliant"; VariantName = "[No Variations]"
Add component (AddParameter): Name = "Termination"; Value = "Solder"; VariantName = "[No Variations]"
Add component (AddParameter): Name = "Voltage Rating"; Value = "250V"; VariantName = "[No Variations]"
Added Component: Designator=P2(61300211121)
Add component (AddParameter): Name = "Color"; Value = "Black"; VariantName = "[No Variations]"
Add component (AddParameter): Name = "Connector Type"; Value = "Male Pin"; VariantName = "[No Variations]"
Add component (AddParameter): Name = "Contact Gender"; Value = "Male"; VariantName = "[No Variations]"
Add component (AddParameter): Name = "Contact Material"; Value = "Copper"; VariantName = "[No Variations]"
Add component (AddParameter): Name = "Contact Mating Length"; Value = "5.9944mm"; VariantName = "[No Variations]"
Add component (AddParameter): Name = "Contact Plating"; Value = "Gold"; VariantName = "[No Variations]"
Add component (AddParameter): Name = "Contact Resistance"; Value = "20mO"; VariantName = "[No Variations]"
Add component (AddParameter): Name = "Current Rating"; Value = "3A"; VariantName = "[No Variations]"
Add component (AddParameter): Name = "Gender"; Value = "Male"; VariantName = "[No Variations]"
Add component (AddParameter): Name = "Height"; Value = "8.94mm"; VariantName = "[No Variations]"
Add component (AddParameter): Name = "Housing Material"; Value = "PBT"; VariantName = "[No Variations]"
Add component (AddParameter): Name = "Lead Free"; Value = "Lead Free"; VariantName = "[No Variations]"
Add component (AddParameter): Name = "Lead Pitch"; Value = "2.54mm"; VariantName = "[No Variations]"
Add component (AddParameter): Name = "Max Operating Temperature"; Value = "125°C"; VariantName = "[No Variations]"
Add component (AddParameter): Name = "Min Operating Temperature"; Value = "-40°C"; VariantName = "[No Variations]"
Add component (AddParameter): Name = "Mount"; Value = "Through Hole"; VariantName = "[No Variations]"
Add component (AddParameter): Name = "NexarPartId"; Value = "20081794"; VariantName = "[No Variations]"
Add component (AddParameter): Name = "Number of Contacts"; Value = "2"; VariantName = "[No Variations]"
Add component (AddParameter): Name = "Number of Pins"; Value = "2"; VariantName = "[No Variations]"
Add component (AddParameter): Name = "Number of Positions"; Value = "2"; VariantName = "[No Variations]"
Add component (AddParameter): Name = "Number of Rows"; Value = "1"; VariantName = "[No Variations]"
Add component (AddParameter): Name = "Operating Supply Voltage"; Value = "250V"; VariantName = "[No Variations]"
Add component (AddParameter): Name = "Orientation"; Value = "Vertical"; VariantName = "[No Variations]"
Add component (AddParameter): Name = "Packaging"; Value = "Bulk"; VariantName = "[No Variations]"
Add component (AddParameter): Name = "Pitch"; Value = "2.54mm"; VariantName = "[No Variations]"
Add component (AddParameter): Name = "REACH SVHC"; Value = "No SVHC"; VariantName = "[No Variations]"
Add component (AddParameter): Name = "RoHS"; Value = "Compliant"; VariantName = "[No Variations]"
Add component (AddParameter): Name = "Termination"; Value = "Through Hole"; VariantName = "[No Variations]"
Add component (AddParameter): Name = "Voltage Rating"; Value = "250V"; VariantName = "[No Variations]"
Added Component: Designator=R1(RESC1608X55X25NL10T15)
Added Component: Designator=R2(RESC1608X55X25NL10T15)
Added Component: Designator=R3(RESC1608X55X25NL10T15)
Added Component: Designator=R4(RESC1608X55X25NL10T15)
Added Component: Designator=R5(RESC1608X55X25NL10T15)
Added Component: Designator=R6(RESC1608X55X25NL10T15)
Added Component: Designator=R7(RESC1608X55X25NL10T15)
Added Component: Designator=R8(RESC1608X55X25NL10T15)
Added Component: Designator=R9(RESC1608X55X25NL10T15)
Added Component: Designator=R10(RESC1608X55X25NL10T15)
Add Component: Footprint Not Found SW_SWT0325-073016TSK_REVA
Add Component: Footprint Not Found SW_SWT0325-073016TSK_REVA
Added Component: Designator=U1(FP-RV-3028-C7_32_768kHz_1-MFG)
Add component (AddParameter): Name = "Ambient Temperature Range High"; Value = "+85°C"; VariantName = "[No Variations]"
Add component (AddParameter): Name = "Ambient Temperature Range Low"; Value = "-40°C"; VariantName = "[No Variations]"
Add component (AddParameter): Name = "Automotive"; Value = "No"; VariantName = "[No Variations]"
Add component (AddParameter): Name = "Category"; Value = "IC"; VariantName = "[No Variations]"
Add component (AddParameter): Name = "ComponentLink2Description"; Value = "Datasheet"; VariantName = "[No Variations]"
Add component (AddParameter): Name = "ComponentLink2URL"; Value = "https://www.microcrystal.com/fileadmin/Media/Products/RTC/Datasheet/RV-3028-C7.pdf"; VariantName = "[No Variations]"
Add component (AddParameter): Name = "Device Class L1"; Value = "Integrated Circuits (ICs)"; VariantName = "[No Variations]"
Add component (AddParameter): Name = "Device Class L2"; Value = "Clock and Timing"; VariantName = "[No Variations]"
Add component (AddParameter): Name = "Device Class L3"; Value = "Real Time Clocks"; VariantName = "[No Variations]"
Add component (AddParameter): Name = "Frequency"; Value = "32.768kHz"; VariantName = "[No Variations]"
Add component (AddParameter): Name = "Height"; Value = "0.8mm"; VariantName = "[No Variations]"
Add component (AddParameter): Name = "Interface"; Value = "I2C"; VariantName = "[No Variations]"
Add component (AddParameter): Name = "Lead Free"; Value = "Yes"; VariantName = "[No Variations]"
Add component (AddParameter): Name = "Manufacturer"; Value = "Micro Crystal"; VariantName = "[No Variations]"
Add component (AddParameter): Name = "Manufacturer Part Number"; Value = "RV-3028-C7 32.768kHz 1ppm TA QC"; VariantName = "[No Variations]"
Add component (AddParameter): Name = "Max Supply Voltage"; Value = "5.5V"; VariantName = "[No Variations]"
Add component (AddParameter): Name = "Memory Size"; Value = "2Bytes"; VariantName = "[No Variations]"
Add component (AddParameter): Name = "Min Supply Voltage"; Value = "1.1V"; VariantName = "[No Variations]"
Add component (AddParameter): Name = "Mouser Description"; Value = "RV-3028-C7 32.768KHZ 1PPM Ta Qc"; VariantName = "[No Variations]"
Add component (AddParameter): Name = "Nominal Supply Current"; Value = "0.04uA"; VariantName = "[No Variations]"
Add component (AddParameter): Name = "Number Of Outputs"; Value = "1"; VariantName = "[No Variations]"
Add component (AddParameter): Name = "Octopart"; Value = "https://octopart.com/rv-3028-c7+32.768khz+1ppm+ta+qc-micro+crystal-98880451"; VariantName = "[No Variations]"
Add component (AddParameter): Name = "Package"; Value = "RV-3028-C7 32.768kHz 1ppm TA QC"; VariantName = "[No Variations]"
Add component (AddParameter): Name = "RoHS"; Value = "TRUE"; VariantName = "[No Variations]"
Add component (AddParameter): Name = "Temperature"; Value = "-40°C to +85°C"; VariantName = "[No Variations]"
Add component (AddParameter): Name = "Temperature Range High"; Value = "+85°C"; VariantName = "[No Variations]"
Add component (AddParameter): Name = "Temperature Range Low"; Value = "-40°C"; VariantName = "[No Variations]"
Added Component: Designator=U2(FP-C04-21380-MFG)
Add component (AddParameter): Name = "Case/Package"; Value = "VQFN"; VariantName = "[No Variations]"
Add component (AddParameter): Name = "Core Architecture"; Value = "AVR"; VariantName = "[No Variations]"
Add component (AddParameter): Name = "Frequency"; Value = "20MHz"; VariantName = "[No Variations]"
Add component (AddParameter): Name = "Interface"; Value = "I2C"; VariantName = "[No Variations]"
Add component (AddParameter): Name = "Max Operating Temperature"; Value = "125°C"; VariantName = "[No Variations]"
Add component (AddParameter): Name = "Memory Size"; Value = "16KB"; VariantName = "[No Variations]"
Add component (AddParameter): Name = "Memory Type"; Value = "FLASH"; VariantName = "[No Variations]"
Add component (AddParameter): Name = "Min Operating Temperature"; Value = "-40°C"; VariantName = "[No Variations]"
Add component (AddParameter): Name = "Number of I/Os"; Value = "18"; VariantName = "[No Variations]"
Add component (AddParameter): Name = "Oscillator Type"; Value = "Internal"; VariantName = "[No Variations]"
Add component (AddParameter): Name = "Packaging"; Value = "Cut Tape"; VariantName = "[No Variations]"
Add component (AddParameter): Name = "Peripherals"; Value = "Brown-out Detect/Reset"; VariantName = "[No Variations]"
Add component (AddParameter): Name = "RoHS Compliant"; Value = "Yes"; VariantName = "[No Variations]"
Added Pin To Net: NetName=GND Pin=C1-1
Added Pin To Net: NetName=5V0 Pin=C1-2
Added Pin To Net: NetName=GND Pin=C2-1
Added Pin To Net: NetName=5V0 Pin=C2-2
Added Pin To Net: NetName=5V0 Pin=C3-1
Added Pin To Net: NetName=GND Pin=C3-2
Added Pin To Net: NetName=GND Pin=C4-2
Added Pin To Net: NetName=GND Pin=C5-2
Added Pin To Net: NetName=GND Pin=MT1-2
Added Pin To Net: NetName=GND Pin=MT1-COM
Added Pin To Net: NetName=GND Pin=MT1-S1
Added Pin To Net: NetName=GND Pin=MT1-S2
Added Pin To Net: NetName=GND Pin=P1-1
Added Pin To Net: NetName=5V0 Pin=P1-3
Added Pin To Net: NetName=GND Pin=R1-1
Added Pin To Net: NetName=GND Pin=R3-1
Added Pin To Net: NetName=GND Pin=R4-1
Added Pin To Net: NetName=5V0 Pin=R5-2
Added Pin To Net: NetName=5V0 Pin=R6-2
Added Pin To Net: NetName=5V0 Pin=R7-2
Added Pin To Net: NetName=5V0 Pin=R8-2
Add Pin To Net: Unknown Pin: Pin S1-4
Add Pin To Net: Unknown Pin: Pin S2-4
Added Pin To Net: NetName=GND Pin=U1-5
Added Pin To Net: NetName=5V0 Pin=U1-7
Added Pin To Net: NetName=CLK Pin=U2-1
Added Pin To Net: NetName=DIN Pin=U2-2
Added Pin To Net: NetName=GND Pin=U2-3
Added Pin To Net: NetName=5V0 Pin=U2-4
Added Pin To Net: NetName=LATCH_CLK Pin=U2-5
Added Pin To Net: NetName=BL_PWM Pin=U2-6
Added Pin To Net: NetName=OE Pin=U2-7
Added Pin To Net: NetName=GND Pin=U2-21
Change Net Name : Old Net Name=NetD1_1 New Net Name=NetD2_1
Change Net Name : Old Net Name=NetD2_1 New Net Name=NetD3_1
Change Net Name : Old Net Name=NetD3_1 New Net Name=NetD4_1
Change Net Name : Old Net Name=NetD4_1 New Net Name=NetD5_1
Change Net Name : Old Net Name=NetR2_1 New Net Name=NetR12_1
Change Net Name : Old Net Name=NetR2_2 New Net Name=NetR12_2
Change Net Name : Old Net Name=NetR3_1 New Net Name=NetR13_1
Change Net Name : Old Net Name=NetR3_2 New Net Name=NetR13_2
Change Net Name : Old Net Name=NetR4_1 New Net Name=NetR14_1
Change Net Name : Old Net Name=NetR4_2 New Net Name=NetR14_2
Change Net Name : Old Net Name=NetR5_1 New Net Name=NetR15_1
Change Net Name : Old Net Name=NetR5_2 New Net Name=NetR15_2
Change Net Name : Old Net Name=NetR6_1 New Net Name=NetR16_1
Change Net Name : Old Net Name=NetR6_2 New Net Name=NetR16_2
Change Net Name : Old Net Name=NetR7_1 New Net Name=NetR17_1
Change Net Name : Old Net Name=NetR7_2 New Net Name=NetR17_2
Change Net Name : Old Net Name=NetR8_1 New Net Name=NetR18_1
Change Net Name : Old Net Name=NetR8_2 New Net Name=NetR18_2
Change Net Name : Old Net Name=NetR11_1 New Net Name=NetR21_1
Change Net Name : Old Net Name=NetR11_2 New Net Name=NetR21_2
Change Net Name : Old Net Name=NetR12_1 New Net Name=NetR22_1
Change Net Name : Old Net Name=NetR12_2 New Net Name=NetR22_2
Change Net Name : Old Net Name=NetR13_1 New Net Name=NetR23_1
Change Net Name : Old Net Name=NetR13_2 New Net Name=NetR23_2
Change Net Name : Old Net Name=NetR14_1 New Net Name=NetR24_1
Change Net Name : Old Net Name=NetR14_2 New Net Name=NetR24_2
Change Net Name : Old Net Name=NetR15_1 New Net Name=NetR25_1
Change Net Name : Old Net Name=NetR15_2 New Net Name=NetR25_2
Change Net Name : Old Net Name=NetR16_1 New Net Name=NetR26_1
Change Net Name : Old Net Name=NetR16_2 New Net Name=NetR26_2
Change Net Name : Old Net Name=NetR17_1 New Net Name=NetR27_1
Change Net Name : Old Net Name=NetR17_2 New Net Name=NetR27_2
Change Net Name : Old Net Name=NetR20_1 New Net Name=NetR30_1
Change Net Name : Old Net Name=NetR20_2 New Net Name=NetR30_2
Change Net Name : Old Net Name=NetR21_1 New Net Name=NetR31_1
Change Net Name : Old Net Name=NetR21_2 New Net Name=NetR31_2
Change Net Name : Old Net Name=NetR22_1 New Net Name=NetR32_1
Change Net Name : Old Net Name=NetR22_2 New Net Name=NetR32_2
Change Net Name : Old Net Name=NetR23_1 New Net Name=NetR33_1
Change Net Name : Old Net Name=NetR23_2 New Net Name=NetR33_2
Change Net Name : Old Net Name=NetR24_1 New Net Name=NetR34_1
Change Net Name : Old Net Name=NetR24_2 New Net Name=NetR34_2
Change Net Name : Old Net Name=NetR25_1 New Net Name=NetR35_1
Change Net Name : Old Net Name=NetR25_2 New Net Name=NetR35_2
Change Net Name : Old Net Name=NetR26_1 New Net Name=NetR36_1
Change Net Name : Old Net Name=NetR26_2 New Net Name=NetR36_2
Change Net Name : Old Net Name=NetR29_1 New Net Name=NetR39_1
Change Net Name : Old Net Name=NetR29_2 New Net Name=NetR39_2
Change Net Name : Old Net Name=NetR30_1 New Net Name=NetR40_1
Change Net Name : Old Net Name=NetR30_2 New Net Name=NetR40_2
Change Net Name : Old Net Name=NetR35_1 New Net Name=NetR45_1
Change Net Name : Old Net Name=NetR35_2 New Net Name=NetR45_2
Change Net Name : Old Net Name=NetR36_1 New Net Name=NetR46_1
Change Net Name : Old Net Name=NetR36_2 New Net Name=NetR46_2
Change Net Name : Old Net Name=NetR37_1 New Net Name=NetR47_1
Change Net Name : Old Net Name=NetR37_2 New Net Name=NetR47_2
Change Net Name : Old Net Name=NetR38_1 New Net Name=NetR48_1
Change Net Name : Old Net Name=NetR38_2 New Net Name=NetR48_2
Change Net Name : Old Net Name=NetR39_1 New Net Name=NetR49_1
Change Net Name : Old Net Name=NetR39_2 New Net Name=NetR49_2
Change Net Name : Old Net Name=NetU2_9 New Net Name=NetU4_9
Change Net Name : Old Net Name=NetU4_9 New Net Name=NetU6_9
Change Net Color : Old Net Color=RGB(158, 161, 117) New Net Color=RGB(238, 14, 34)
Change Net Color : Old Net Color=RGB(158, 161, 117) New Net Color=RGB(253, 131, 0)
Change Net Color : Old Net Color=RGB(158, 161, 117) New Net Color=RGB(110, 255, 110)
Change Net Color : Old Net Color=RGB(158, 161, 117) New Net Color=RGB(110, 255, 110)
Change Net Color : Old Net Color=RGB(158, 161, 117) New Net Color=RGB(1, 1, 1)
Change Net Color : Old Net Color=RGB(158, 161, 117) New Net Color=RGB(110, 255, 110)
Change Net Color : Old Net Color=RGB(158, 161, 117) New Net Color=RGB(255, 110, 255)
Change Net Color : Old Net Color=RGB(158, 161, 117) New Net Color=RGB(110, 255, 110)
Added Pin To Net: NetName=BUILTIN Pin=D1-2
Added Pin To Net: NetName=BUILTIN Pin=U2-20
Added Net: Name=BUILTIN
Added Pin To Net: NetName=ENCODERA Pin=C4-1
Added Pin To Net: NetName=ENCODERA Pin=R9-2
Added Pin To Net: NetName=ENCODERA Pin=U2-10
Added Net: Name=ENCODERA
Added Pin To Net: NetName=ENCODERB Pin=C5-1
Added Pin To Net: NetName=ENCODERB Pin=R10-2
Added Pin To Net: NetName=ENCODERB Pin=U2-9
Added Net: Name=ENCODERB
Added Pin To Net: NetName=EVI Pin=R4-2
Added Pin To Net: NetName=EVI Pin=U1-8
Added Net: Name=EVI
Added Pin To Net: NetName=NetD1_1 Pin=D1-1
Added Pin To Net: NetName=NetD1_1 Pin=R1-2
Added Net: Name=NetD1_1
Added Pin To Net: NetName=NetMT1_A Pin=MT1-A
Added Pin To Net: NetName=NetMT1_A Pin=R6-1
Added Pin To Net: NetName=NetMT1_A Pin=R9-1
Added Net: Name=NetMT1_A
Added Pin To Net: NetName=NetMT1_B Pin=MT1-B
Added Pin To Net: NetName=NetMT1_B Pin=R5-1
Added Pin To Net: NetName=NetMT1_B Pin=R10-1
Added Net: Name=NetMT1_B
Added Pin To Net: NetName=NetR2_2 Pin=R2-2
Added Pin To Net: NetName=NetR2_2 Pin=U2-19
Added Net: Name=NetR2_2
Added Pin To Net: NetName=ONOFF Pin=MT1-1
Added Pin To Net: NetName=ONOFF Pin=U2-8
Added Pin To Net: NetName=ONOFF Pin=U2-17
Added Net: Name=ONOFF
Added Pin To Net: NetName=PB2//TX Pin=P2-2
Added Pin To Net: NetName=PB2//TX Pin=U2-12
Added Net: Name=PB2//TX
Added Pin To Net: NetName=PB3//RX Pin=P2-1
Added Pin To Net: NetName=PB3//RX Pin=U2-11
Added Net: Name=PB3//RX
Added Pin To Net: NetName=SCL Pin=R7-1
Added Pin To Net: NetName=SCL Pin=U1-3
Added Pin To Net: NetName=SCL Pin=U2-14
Added Net: Name=SCL
Added Pin To Net: NetName=SDA Pin=R8-1
Added Pin To Net: NetName=SDA Pin=U1-4
Added Pin To Net: NetName=SDA Pin=U2-13
Added Net: Name=SDA
Added Pin To Net: NetName=SET Pin=U2-15
Added Net: Name=SET
Added Pin To Net: NetName=UPDI Pin=P1-2
Added Pin To Net: NetName=UPDI Pin=R2-1
Added Net: Name=UPDI
Added Pin To Net: NetName=VBACKUP Pin=R3-2
Added Pin To Net: NetName=VBACKUP Pin=U1-6
Added Net: Name=VBACKUP
Added Pin To Net: NetName=WAKE Pin=U2-16
Added Net: Name=WAKE
Added Member To Class: ClassName=Main Member=Component C8 100nF
Added Member To Class: ClassName=Main Member=Component C9 100nF
Added Member To Class: ClassName=Main Member=Component C10 100nF
Added Member To Class: ClassName=Main Member=Component C11 100nF
Added Member To Class: ClassName=Main Member=Component C12 100nF
Added Member To Class: ClassName=Main Member=Component D5 150120RS75000
Added Member To Class: ClassName=Main Member=Component MT1 PEC11R-4215F-S0024
Added Member To Class: ClassName=Main Member=Component P1 61300311121
Added Member To Class: ClassName=Main Member=Component P2 61300211121
Added Member To Class: ClassName=Main Member=Component R41 1kO
Added Member To Class: ClassName=Main Member=Component R42 1kO
Added Member To Class: ClassName=Main Member=Component R43 1kO
Added Member To Class: ClassName=Main Member=Component R44 1kO
Added Member To Class: ClassName=Main Member=Component R45 470O
Added Member To Class: ClassName=Main Member=Component R46 470O
Added Member To Class: ClassName=Main Member=Component R47 470O
Added Member To Class: ClassName=Main Member=Component R48 470O
Added Member To Class: ClassName=Main Member=Component R49 470O
Added Member To Class: ClassName=Main Member=Component R50 10kO
Add Class Member: Failed to add class member : Component S1 SWT0325-073016TSK_REVA
Add Class Member: Failed to add class member : Component S2 SWT0325-073016TSK_REVA
Added Member To Class: ClassName=Main Member=Component U8 74HC595PW,118
Added Member To Class: ClassName=Main Member=Component U9 CD74HCT4511E
