Removed Pin From Net: NetName=BL_PWM Pin=R11-1
Removed Pin From Net: NetName=5V0 Pin=R11-2
Removed Pin From Net: NetName=BL_PWM Pin=R22-1
Removed Pin From Net: NetName=5V0 Pin=R22-2
Removed Pin From Net: NetName=BL_PWM Pin=R31-1
Removed Pin From Net: NetName=5V0 Pin=R31-2
Removed Pin From Net: NetName=BL_PWM Pin=R40-1
Removed Pin From Net: NetName=5V0 Pin=R40-2
Removed Pin From Net: NetName=ONOFF Pin=U1-8
Removed Member From Class: ClassName=Main Member=R49
Removed Member From Class: ClassName=Main Member=R50
Removed Member From Class: ClassName=Main Member=R51
Removed Member From Class: ClassName=Main Member=R52
Change Component Designator: OldDesignator=C7 NewDesignator=C8
Change Component Designator: OldDesignator=C8 NewDesignator=C9
Change Component Designator: OldDesignator=C9 NewDesignator=C10
Change Component Designator: OldDesignator=C10 NewDesignator=C11
Change Component Designator: OldDesignator=C11 NewDesignator=C12
Change Component Designator: OldDesignator=C12 NewDesignator=C13
Change Component Designator: OldDesignator=R12 NewDesignator=R11
Change Component Designator: OldDesignator=R13 NewDesignator=R12
Change Component Designator: OldDesignator=R14 NewDesignator=R13
Change Component Designator: OldDesignator=R15 NewDesignator=R14
Change Component Designator: OldDesignator=R16 NewDesignator=R15
Change Component Designator: OldDesignator=R17 NewDesignator=R16
Change Component Designator: OldDesignator=R18 NewDesignator=R17
Change Component Designator: OldDesignator=R19 NewDesignator=R18
Change Component Designator: OldDesignator=R20 NewDesignator=R19
Change Component Designator: OldDesignator=R21 NewDesignator=R20
Change Component Designator: OldDesignator=R23 NewDesignator=R21
Change Component Designator: OldDesignator=R24 NewDesignator=R22
Change Component Designator: OldDesignator=R25 NewDesignator=R23
Change Component Designator: OldDesignator=R26 NewDesignator=R24
Change Component Designator: OldDesignator=R27 NewDesignator=R25
Change Component Designator: OldDesignator=R28 NewDesignator=R26
Change Component Designator: OldDesignator=R29 NewDesignator=R27
Change Component Designator: OldDesignator=R30 NewDesignator=R28
Change Component Designator: OldDesignator=R32 NewDesignator=R29
Change Component Designator: OldDesignator=R33 NewDesignator=R30
Change Component Designator: OldDesignator=R34 NewDesignator=R31
Change Component Designator: OldDesignator=R35 NewDesignator=R32
Change Component Designator: OldDesignator=R36 NewDesignator=R33
Change Component Designator: OldDesignator=R37 NewDesignator=R34
Change Component Designator: OldDesignator=R38 NewDesignator=R35
Change Component Designator: OldDesignator=R39 NewDesignator=R36
Change Component Designator: OldDesignator=R41 NewDesignator=R37
Change Component Designator: OldDesignator=R42 NewDesignator=R38
Change Component Designator: OldDesignator=R43 NewDesignator=R39
Change Component Designator: OldDesignator=R44 NewDesignator=R40
Change Component Designator: OldDesignator=R45 NewDesignator=R41
Change Component Designator: OldDesignator=R46 NewDesignator=R42
Change Component Designator: OldDesignator=R47 NewDesignator=R43
Change Component Designator: OldDesignator=R48 NewDesignator=R44
Change Component Designator: OldDesignator=R49 NewDesignator=R45
Change Component Designator: OldDesignator=R50 NewDesignator=R46
Change Component Designator: OldDesignator=R51 NewDesignator=R47
Change Component Designator: OldDesignator=R52 NewDesignator=R48
Added Component: Designator=C7(WCAP-CSGP_0603_L1.6W0.8H0.8_Reflow)
Added Pin To Net: NetName=GND Pin=C7-1
Added Pin To Net: NetName=5V0 Pin=C7-2
Change Net Name : Old Net Name=NetR12_1 New Net Name=NetR11_1
Change Net Name : Old Net Name=NetR12_2 New Net Name=NetR11_2
Change Net Name : Old Net Name=NetR14_1 New Net Name=NetR13_1
Change Net Name : Old Net Name=NetR14_2 New Net Name=NetR13_2
Change Net Name : Old Net Name=NetR15_1 New Net Name=NetR14_1
Change Net Name : Old Net Name=NetR15_2 New Net Name=NetR14_2
Change Net Name : Old Net Name=NetR16_1 New Net Name=NetR15_1
Change Net Name : Old Net Name=NetR16_2 New Net Name=NetR15_2
Change Net Name : Old Net Name=NetR17_1 New Net Name=NetR16_1
Change Net Name : Old Net Name=NetR17_2 New Net Name=NetR16_2
Change Net Name : Old Net Name=NetR18_1 New Net Name=NetR17_1
Change Net Name : Old Net Name=NetR18_2 New Net Name=NetR17_2
Change Net Name : Old Net Name=NetR19_1 New Net Name=NetR18_1
Change Net Name : Old Net Name=NetR19_2 New Net Name=NetR18_2
Change Net Name : Old Net Name=NetR23_1 New Net Name=NetR21_1
Change Net Name : Old Net Name=NetR23_2 New Net Name=NetR21_2
Change Net Name : Old Net Name=NetR24_1 New Net Name=NetR22_1
Change Net Name : Old Net Name=NetR24_2 New Net Name=NetR22_2
Change Net Name : Old Net Name=NetR25_1 New Net Name=NetR23_1
Change Net Name : Old Net Name=NetR25_2 New Net Name=NetR23_2
Change Net Name : Old Net Name=NetR26_1 New Net Name=NetR24_1
Change Net Name : Old Net Name=NetR26_2 New Net Name=NetR24_2
Change Net Name : Old Net Name=NetR27_1 New Net Name=NetR25_1
Change Net Name : Old Net Name=NetR27_2 New Net Name=NetR25_2
Change Net Name : Old Net Name=NetR28_1 New Net Name=NetR26_1
Change Net Name : Old Net Name=NetR28_2 New Net Name=NetR26_2
Change Net Name : Old Net Name=NetR29_1 New Net Name=NetR27_1
Change Net Name : Old Net Name=NetR29_2 New Net Name=NetR27_2
Change Net Name : Old Net Name=NetR32_1 New Net Name=NetR29_1
Change Net Name : Old Net Name=NetR32_2 New Net Name=NetR29_2
Change Net Name : Old Net Name=NetR33_1 New Net Name=NetR30_1
Change Net Name : Old Net Name=NetR33_2 New Net Name=NetR30_2
Change Net Name : Old Net Name=NetR34_1 New Net Name=NetR31_1
Change Net Name : Old Net Name=NetR34_2 New Net Name=NetR31_2
Change Net Name : Old Net Name=NetR35_1 New Net Name=NetR32_1
Change Net Name : Old Net Name=NetR35_2 New Net Name=NetR32_2
Change Net Name : Old Net Name=NetR36_1 New Net Name=NetR33_1
Change Net Name : Old Net Name=NetR36_2 New Net Name=NetR33_2
Change Net Name : Old Net Name=NetR37_1 New Net Name=NetR34_1
Change Net Name : Old Net Name=NetR37_2 New Net Name=NetR34_2
Change Net Name : Old Net Name=NetR38_1 New Net Name=NetR35_1
Change Net Name : Old Net Name=NetR38_2 New Net Name=NetR35_2
Change Net Name : Old Net Name=NetR41_1 New Net Name=NetR37_1
Change Net Name : Old Net Name=NetR41_2 New Net Name=NetR37_2
Change Net Name : Old Net Name=NetR42_1 New Net Name=NetR38_1
Change Net Name : Old Net Name=NetR42_2 New Net Name=NetR38_2
Change Net Name : Old Net Name=NetR47_1 New Net Name=NetR43_1
Change Net Name : Old Net Name=NetR47_2 New Net Name=NetR43_2
Change Net Name : Old Net Name=NetR48_1 New Net Name=NetR44_1
Change Net Name : Old Net Name=NetR48_2 New Net Name=NetR44_2
Change Net Name : Old Net Name=NetR49_1 New Net Name=NetR45_1
Change Net Name : Old Net Name=NetR49_2 New Net Name=NetR45_2
Change Net Name : Old Net Name=NetR50_1 New Net Name=NetR46_1
Change Net Name : Old Net Name=NetR50_2 New Net Name=NetR46_2
Change Net Name : Old Net Name=NetR51_1 New Net Name=NetR47_1
Change Net Name : Old Net Name=NetR51_2 New Net Name=NetR47_2
Added Member To Class: ClassName=Main Member=Component C13 100nF
